✓ Initialized. View run at 
https://modal.com/apps/kgengamer/main/ap-6d1Sda1aWIbZ210YWTnb3I
✓ Created objects.
├── 🔨 Created mount 
│   C:\Users\Khage\Desktop\VLM-Spatial-Reasoning-NoBox\modal\equiorient_nobox.p
│   y
├── 🔨 Created function run_arm.
├── 🔨 Created function run_gate.
└── 🔨 Created function probe_features.
`torch_dtype` is deprecated! Use `dtype` instead!

[1ALoading checkpoint shards:   0%|          | 0/4 [00:00<?, ?it/s]
[1ALoading checkpoint shards:  25%|██▌       | 1/4 [00:02<00:06,  2.32s/it]
[1ALoading checkpoint shards:  50%|█████     | 2/4 [00:04<00:04,  2.31s/it]
[1ALoading checkpoint shards:  75%|███████▌  | 3/4 [00:06<00:02,  2.31s/it]
[1ALoading checkpoint shards: 100%|██████████| 4/4 [00:08<00:00,  1.93s/it]
[1ALoading checkpoint shards: 100%|██████████| 4/4 [00:08<00:00,  2.07s/it]
PROBE: {'n_scenes': 100, 'T_cells': 64, 'cell_pair_top2_recall': 0.19, 'pos_rate': 0.0306, 'difficulty': {'target_size': [6.0, 9.0], 'n_distractor_range': [4, 8], 'noise_amp': 6}, 'repo_commit': '0df1d84aa98785d24bd4948095f32248d80d4042', 'explain': 'top2 recall ~1.0 => features localizable; ~2/T => not.'}
Stopping app - local entrypoint completed.
✓ App completed. View run at 
https://modal.com/apps/kgengamer/main/ap-6d1Sda1aWIbZ210YWTnb3I
